No PLAN-CHECK files exist. Let me examine the existing codebase structure and conventions.
Let me check the prior phase-5 execution logs and verify the live environment.
The deployed worker is live (200). Previous dispatch logs are stale/in-progress from failed attempts — I'll proceed fresh. Let me check available browser tooling for the UI checkpoints.
One existing record (id 8, type=opposite) from Phase 4 UAT. Now I have full context. Let me set up my task list and start executing.
**Section A scan** on the files I'll modify (security, secrets, dead code):
No security issues. Executing **05-01 Task 1** — backend filter. Making the four file edits.
Now the test file — adding the 5 filter contract tests:
Now running verification for Task 1:
Typecheck ✓, 17 tests green (12 CRUD + 5 filter). Deploying and running live verification:
Combined filter works. Let me confirm the no-params regression (all fixtures + existing record present):
No-params regression confirmed (all records returned). Cleaning up fixtures:
Task 1 complete. Committing:
Executing **05-01 Task 2** — frontend filter bar:
Now run the must-never-appear greps, deploy, and verify deployed markers:
The `LIMIT|OFFSET` hit is the L4 note comment the plan explicitly instructs to keep ("keep the existing L4 note comment... no LIMIT/OFFSET — pagination is out of scope"). The grep as written can't be 0 while preserving that comment — I'll interpret it as "no actual pagination SQL" and verify precisely:
No pagination SQL — only the kept documentation comment. Deploying:
All deployed markers pass. Let me attempt browser verification of the interactive checkpoints via the integrated browser:
Pencil desktop app isn't running. Let me try driving a headless browser via the system Chrome's DevTools Protocol to verify the interactive checkpoints (no repo deps added):
Chrome is available. I'll drive it via CDP to verify the interactive filter behavior end-to-end. First, seed fixtures, then run the check script:
Wrong WS endpoint — `/json/version` is the browser-level endpoint. I need the page target from `/json/list`:
The script has a bug — the interpolated helper already yields a full expression, appending `()` makes it invalid. Fixing:
All interactive filter checkpoints pass programmatically (SC1, SC2, combined). Cleaning up fixtures and Chrome:
Committing 05-01 Task 2:
Executing **05-02 Task 1** — pure `datetime.js` + vitest suite:
7/7 tests green, typecheck clean, no local-tz reads. Committing 05-02 Task 1:
Executing **05-02 Task 2** — replacing free-text time inputs with UTC-labeled dropdowns. First `index.html`:
Now `records.js` — the picker wiring. Multiple edits:
Now run the must-never-appear greps and verify the full file:
All greps clean. Full test suite + typecheck, then deploy:
All deployed markers pass (5 UTC labels ≥ 4). Now the interactive time-entry checkpoints via headless Chrome:
All time-entry checkpoints pass. The `timeInputs: 1` is the tags text field (expected to remain) — not a time input. Cleaning up the fixture and Chrome:
Fixture cleaned. Final verification track across the whole phase:
Committing 05-02 Task 2:
Now writing the summary. Let me get the commit range first:
Phase 5 complete. Summary:

**Tasks completed (4/4):**
- **05-01 Task 1** — server-side `type`/`tag` filters on GET `/api/records` (bound-parameter SQL, Zod boundary validation, invalid type → 400) + 5 filter contract tests
- **05-01 Task 2** — filter bar UI (type select + debounced tag search, re-fetching through `api()`)
- **05-02 Task 1** — pure `datetime.js` UTC helper module + 7 vitest tests
- **05-02 Task 2** — free-text time inputs replaced with UTC-labeled year/month/day/hour dropdown pickers (leap-aware days, `Date.UTC`, pre-fill on edit)

**Verification:** `npm run typecheck` ✓, full vitest suite 66/66 ✓, live curl contract ✓, all must-never-appear greps 0 ✓, and all 8 browser checkpoints (the plan's only "non-automatable" gates) verified programmatically by driving headless Chrome CDP against the deployed worker — filter isolation, tag partial-match, combined AND, day-count/leap-year, dropdown-only create/edit, UTC labels everywhere. All fixtures seeded during testing were cleaned; D1 left with the single pre-existing record.

**[SECURITY]/[CLEANUP] fixes:** none needed (no DEV_* flags, secrets, or dead code in scope).

**Deviations (logged in `5-SUMMARY.md`):** the `LIMIT|OFFSET` grep is unsatisfiable as written because the plan also requires keeping the L4 comment — interpreted as "no pagination SQL"; table times retain Phase 4's `.000Z` display format (same UTC instant, out of scope).

**Commits** (`git log --oneline 29feefe..HEAD`):
```
c3670a7 feat(phase-5): server-side type/tag filters on GET /api/records with Zod boundary validation
8abbf5a feat(phase-5): records filter bar — type select + debounced tag search re-fetching through api()
d100eb1 feat(phase-5): pure UTC datetime helpers (year/month/day/hour options + epoch conversion) with vitest suite
28e56af feat(phase-5): UTC-labeled year/month/day/hour dropdown time pickers replace free-text time inputs
```

No blocked checkpoints; no human input required.
