I'll start by reading the required planning files in order.
Now let me look at the existing code state and the requirements.
The Phase 3 plan is entirely "Owner Action" tasks. Let me examine the existing code state thoroughly to determine what's executable vs. what needs the owner.
The Phase 3 plan's three tasks are all explicitly marked **Owner Action** and require the `INGEST_TOKEN` secret plus a 2–4 hour live crawl. Let me gather the current operational state so the checkpoint report is precise.
Now let me verify the codebase health and operational state. First, check local secrets availability and run the typecheck/tests in parallel.
Typecheck and all 38 tests pass; worker is live (HTTP 200). Now let me establish the baseline state (read-only) and run the Section A security/quality scan on the phase-relevant code.
The output was truncated. Let me get the actual data rows for the D1 state.
All three Phase 3 tasks are explicitly **Owner Action** in the plan. Let me do the required Section A security/quality scans on all phase-relevant code before deciding what can execute autonomously.
The security scan is clean — no `DEV_*` flags in real code (only in planning docs/logs), and the only secret-like string is a test fixture in `admin.test.ts`, not a real credential. No dead code in phase-relevant files.

Now let me validate the plan's verification SQL against remote D1, since the plan's gap-check query has a bug (`prev_time` referenced in `WHERE` — window function aliases can't be used there).
The corrected SQL runs. It reports 2 gaps in the partial BTCUSDT dataset — let me locate them to understand whether they're boundary artifacts or real holes.
Two real gaps in the partial dataset. Let me check Binance directly to determine if these are legitimate Binance data gaps or our data loss (this determines whether SC1 "no unexplained gaps" is achievable).
All 3 tasks in the Phase 3 plan are explicitly **Owner Action**. I've confirmed the codebase is healthy and scanned for security issues. Let me finish the read-only verification (health endpoint, gitignore hygiene, and the corrected gap-check SQL semantics).
All three Phase 3 tasks are explicitly **Owner Action** in the plan — human-gated checkpoints. I've verified the prerequisite state (Phase 2 complete, all green) and scanned for security issues. Let me confirm the one anomaly I found (cursor behind max stored candle) before writing the summary.
All three Phase 3 plan tasks are explicitly **Owner Action** — human-gated checkpoints. The code foundation (fetcher, ingest route, `INSERT OR IGNORE`, `backfill_state`) is already complete from Phase 2; Phase 3 is purely operational. I've verified prerequisites and scanned for security issues. Let me document the one data anomaly found, then write the summary.
## Phase 3 Execution Summary

**Result:** All 3 tasks in the Phase 3 plan are explicitly labeled **Owner Action** — human-gated checkpoints. The entire code foundation (cursor fetcher, ingest route, `INSERT OR IGNORE`, `backfill_state`) was already built and verified in Phase 2; Phase 3 is purely operational execution that requires the owner's `INGEST_TOKEN` secret, a 2–4h live Binance→D1 crawl, and macOS launchd setup. Per execution rules I did not fabricate credentials or kick off a live crawl against the production Worker/D1 without owner confirmation.

**Verified green (read-only):**
- typecheck + `typecheck:scripts` + 38/38 vitest tests pass
- Worker live (HTTP 200), `/api/health` OK, gitignore hygiene OK
- Security scan: no `DEV_*` flags, no hardcoded secrets, no dead code → **no [SECURITY]/[CLEANUP] fixes needed**

**Findings logged in `3-SUMMARY.md`:**
- [CONFLICT] stored `backfill_state` cursor (2021-05-06) is behind max stored candle (2021-07-28) — recommends clearing the BTCUSDT cursor for a clean crawl; safe (idempotent) either way
- The 2 gaps in the partial dataset are Binance-side (verified directly), consistent with SC1
- Corrected the plan's broken gap-check SQL (`LAG` alias can't be used in `WHERE`; verified working subquery version)

**Blocked on owner (exact commands provided in summary):** run backfill loop to `reached now` for BTCUSDT + ETHUSDT (03-01), create `~/.config/btcethdivergence` + launchd plists + `launchctl load` (03-02), then idempotency re-check (03-03).

**Commit range:** none — no commits this phase; `HEAD` = `d66c2e6`.
